[
  {
    "count": 1000,
    "expected": 1000000049950,
    "loop_clock_control": {
      "batch_size": 100,
      "batch_samples_ms": [
        0.008379999999988286,
        0.021770000000060463,
        0.009570000000167056,
        0.006059999999934007,
        0.007349999999860302,
        0.005249999999932697,
        0.005059999999957654
      ],
      "samples_ms": [
        0.00008379999999988286,
        0.00021770000000060464,
        0.00009570000000167056,
        0.00006059999999934007,
        0.00007349999999860302,
        0.00005249999999932698,
        0.00005059999999957654
      ],
      "median_ms": 0.00007349999999860302
    },
    "native_reused": {
      "batch_size": 100,
      "batch_samples_ms": [
        0.8939300000001822,
        0.8595600000001014,
        0.9652900000000955,
        0.8164500000000317,
        0.7874900000001617,
        0.8330899999998564,
        0.8014499999999316
      ],
      "samples_ms": [
        0.008939300000001822,
        0.008595600000001013,
        0.009652900000000955,
        0.008164500000000317,
        0.007874900000001617,
        0.008330899999998564,
        0.008014499999999316
      ],
      "median_ms": 0.008330899999998564
    },
    "javascript_ir_reused": {
      "batch_size": 100,
      "batch_samples_ms": [
        46.73262799999998,
        46.81413599999996,
        45.06836700000008,
        44.35484700000006,
        44.26497699999982,
        44.33847700000001,
        44.604936999999836
      ],
      "samples_ms": [
        0.46732627999999976,
        0.4681413599999996,
        0.4506836700000008,
        0.44354847000000064,
        0.44264976999999817,
        0.4433847700000001,
        0.44604936999999834
      ],
      "median_ms": 0.44604936999999834
    },
    "native_pack_allocate": {
      "batch_size": 100,
      "batch_samples_ms": [
        2.22124000000008,
        2.1114800000000287,
        2.06937999999991,
        2.0468000000000757,
        1.8798600000000079,
        1.9001699999998891,
        2.1142500000000837
      ],
      "samples_ms": [
        0.022212400000000798,
        0.021114800000000288,
        0.0206937999999991,
        0.020468000000000756,
        0.01879860000000008,
        0.01900169999999889,
        0.021142500000000838
      ],
      "median_ms": 0.0206937999999991
    }
  },
  {
    "count": 20000,
    "expected": 20000000999000,
    "loop_clock_control": {
      "batch_size": 20,
      "batch_samples_ms": [
        0.0007510000000365835,
        0.0004109999999855063,
        0.0003999999998995918,
        0.00039100000003600144,
        0.00039100000003600144,
        0.0003999999998995918,
        0.0003889999998136773
      ],
      "samples_ms": [
        0.000037550000001829176,
        0.000020549999999275314,
        0.00001999999999497959,
        0.00001955000000180007,
        0.00001955000000180007,
        0.00001999999999497959,
        0.000019449999990683863
      ],
      "median_ms": 0.00001999999999497959
    },
    "native_reused": {
      "batch_size": 20,
      "batch_samples_ms": [
        2.32808,
        2.340779999999995,
        2.335248999999976,
        2.32812899999999,
        2.3368889999999283,
        2.3224499999998898,
        2.3280200000001514
      ],
      "samples_ms": [
        0.116404,
        0.11703899999999975,
        0.11676244999999881,
        0.1164064499999995,
        0.11684444999999641,
        0.1161224999999945,
        0.11640100000000757
      ],
      "median_ms": 0.1164064499999995
    },
    "javascript_ir_reused": {
      "batch_size": 20,
      "batch_samples_ms": [
        187.18950799999993,
        187.49925699999994,
        187.98972699999968,
        188.9706070000002,
        186.0469979999998,
        186.90806699999985,
        187.3233769999997
      ],
      "samples_ms": [
        9.359475399999997,
        9.374962849999998,
        9.399486349999984,
        9.44853035000001,
        9.30234989999999,
        9.345403349999993,
        9.366168849999985
      ],
      "median_ms": 9.366168849999985
    },
    "native_pack_allocate": {
      "batch_size": 20,
      "batch_samples_ms": [
        6.653109000000313,
        6.423759000000246,
        6.367009000000053,
        6.424789999999575,
        6.430419000000256,
        6.32044999999971,
        6.530819000000065
      ],
      "samples_ms": [
        0.3326554500000157,
        0.32118795000001227,
        0.3183504500000026,
        0.32123949999997875,
        0.3215209500000128,
        0.3160224999999855,
        0.32654095000000327
      ],
      "median_ms": 0.32123949999997875
    }
  },
  {
    "count": 100000,
    "expected": 100000004995000,
    "loop_clock_control": {
      "batch_size": 5,
      "batch_samples_ms": [
        0.0008699999998498242,
        0.00018000000000029104,
        0.00018000000000029104,
        0.00018000000000029104,
        0.0001899999997476698,
        0.00016999999979816494,
        0.00016999999979816494
      ],
      "samples_ms": [
        0.00017399999996996484,
        0.00003600000000005821,
        0.00003600000000005821,
        0.00003600000000005821,
        0.000037999999949533955,
        0.000033999999959632984,
        0.000033999999959632984
      ],
      "median_ms": 0.00003600000000005821
    },
    "native_reused": {
      "batch_size": 5,
      "batch_samples_ms": [
        2.909360000000106,
        2.8975099999997838,
        2.902860000000146,
        2.9035800000001473,
        2.915298999999777,
        2.9013999999997395,
        2.9163699999999153
      ],
      "samples_ms": [
        0.5818720000000213,
        0.5795019999999568,
        0.5805720000000292,
        0.5807160000000294,
        0.5830597999999554,
        0.580279999999948,
        0.5832739999999831
      ],
      "median_ms": 0.5807160000000294
    },
    "javascript_ir_reused": {
      "batch_size": 5,
      "batch_samples_ms": [
        232.05572399999983,
        232.95863399999962,
        232.0151050000004,
        232.12020399999983,
        231.76854399999957,
        231.97333400000025,
        231.8235249999998
      ],
      "samples_ms": [
        46.41114479999997,
        46.591726799999925,
        46.40302100000008,
        46.424040799999965,
        46.353708799999914,
        46.39466680000005,
        46.36470499999996
      ],
      "median_ms": 46.40302100000008
    },
    "native_pack_allocate": {
      "batch_size": 5,
      "batch_samples_ms": [
        3.9730600000002596,
        3.967470000000503,
        4.0055399999992005,
        3.9785390000006373,
        4.410499999999956,
        9.779388999999355,
        4.381019999999808
      ],
      "samples_ms": [
        0.7946120000000519,
        0.7934940000001006,
        0.8011079999998401,
        0.7957078000001274,
        0.8820999999999912,
        1.955877799999871,
        0.8762039999999616
      ],
      "median_ms": 0.8011079999998401
    }
  }
]
