✔ ordinary Sage.js centered reductions retain the dynamic same-source fallback (3065.648202ms)
✔ centered regions agree with exact rational rounding in native and JavaScript IR (1089.677476ms)
﹣ centered regions execute identically in isolated Node-Wasm and browser workers (0.34565ms) # prepared WASI toolchain required
﹣ centered regions preserve their complete corpus under address/undefined/leak checks (0.13668ms) # set SAGEJS_NUMERICAL_SANITIZER_TESTS=1 on a qualified sanitizer host
✔ prepared statistics preserves CPython ownership, budgets, and fallback (213.291086ms)
✔ public prepared queries agree in dynamic and source-compiled Sage.js (66387.827733ms)
✔ statistics vertical slice agrees in CPython (173.319788ms)
✔ statistics vertical slice runs in Sage.js (11916.445571ms)
✔ SciPy oracle corpus executes in CPython and Sage.js (2081.323038ms)
✔ failure corpus executes in CPython and Sage.js (1353.488008ms)
✔ RNG replay JSON survives a browser-number boundary (940.660276ms)
✔ offline SciPy/R and failure corpora remain versioned (0.6882ms)
ℹ tests 12
ℹ suites 0
ℹ pass 10
ℹ fail 0
ℹ cancelled 0
ℹ skipped 2
ℹ todo 0
ℹ duration_ms 87515.508248
