[
  {
    "count": 1000,
    "expected": 1000000049950,
    "loop_clock_control": {
      "batch_size": 100,
      "batch_samples_ms": [
        0.008499999999912689,
        0.03999999999996362,
        0.029899999999997817,
        0.010200000000168075,
        0.00709999999980937,
        0.007399999999961437,
        0.006600000000162254
      ],
      "samples_ms": [
        0.00008499999999912688,
        0.0003999999999996362,
        0.00029899999999997816,
        0.00010200000000168074,
        0.00007099999999809369,
        0.00007399999999961437,
        0.00006600000000162254
      ],
      "median_ms": 0.00008499999999912688
    },
    "native_reused": {
      "batch_size": 100,
      "batch_samples_ms": [
        1.0143000000002758,
        0.9456000000000131,
        1.1631000000002132,
        0.8618999999998778,
        0.8852000000001681,
        0.8759000000000015,
        0.8816000000001623
      ],
      "samples_ms": [
        0.010143000000002757,
        0.009456000000000131,
        0.011631000000002133,
        0.008618999999998777,
        0.008852000000001681,
        0.008759000000000015,
        0.008816000000001623
      ],
      "median_ms": 0.008852000000001681
    },
    "javascript_ir_reused": {
      "batch_size": 100,
      "batch_samples_ms": [
        54.239700000000084,
        54.49530000000004,
        52.878799999999956,
        51.83670000000029,
        51.74589999999989,
        51.96259999999984,
        51.60369999999966
      ],
      "samples_ms": [
        0.5423970000000008,
        0.5449530000000005,
        0.5287879999999996,
        0.5183670000000029,
        0.5174589999999989,
        0.5196259999999984,
        0.5160369999999966
      ],
      "median_ms": 0.5196259999999984
    },
    "native_pack_allocate": {
      "batch_size": 100,
      "batch_samples_ms": [
        1.4327000000002954,
        1.6286000000000058,
        1.9377000000004045,
        1.6472999999996318,
        1.3674000000000888,
        1.3616000000001804,
        1.405800000000454
      ],
      "samples_ms": [
        0.014327000000002954,
        0.016286000000000057,
        0.019377000000004044,
        0.016472999999996317,
        0.013674000000000887,
        0.013616000000001804,
        0.01405800000000454
      ],
      "median_ms": 0.014327000000002954
    }
  },
  {
    "count": 20000,
    "expected": 20000000999000,
    "loop_clock_control": {
      "batch_size": 20,
      "batch_samples_ms": [
        0.0007000000005064066,
        0.00029999999969732016,
        0.00030000000060681487,
        0.00029999999969732016,
        0.0003999999998995918,
        0.00029999999969732016,
        0.00030000000060681487
      ],
      "samples_ms": [
        0.00003500000002532033,
        0.000014999999984866009,
        0.000015000000030340743,
        0.000014999999984866009,
        0.00001999999999497959,
        0.000014999999984866009,
        0.000015000000030340743
      ],
      "median_ms": 0.000015000000030340743
    },
    "native_reused": {
      "batch_size": 20,
      "batch_samples_ms": [
        4.645800000000236,
        2.3825000000006185,
        2.399000000000342,
        2.3604999999997744,
        2.3617999999996755,
        2.415799999999763,
        2.364300000000185
      ],
      "samples_ms": [
        0.2322900000000118,
        0.11912500000003093,
        0.1199500000000171,
        0.11802499999998872,
        0.11808999999998378,
        0.12078999999998814,
        0.11821500000000924
      ],
      "median_ms": 0.11912500000003093
    },
    "javascript_ir_reused": {
      "batch_size": 20,
      "batch_samples_ms": [
        213.2618999999995,
        221.4899000000005,
        224.54629999999997,
        224.8711000000003,
        221.17849999999999,
        211.58809999999994,
        214.34940000000006
      ],
      "samples_ms": [
        10.663094999999975,
        11.074495000000024,
        11.227314999999999,
        11.243555000000015,
        11.058924999999999,
        10.579404999999998,
        10.717470000000002
      ],
      "median_ms": 11.058924999999999
    },
    "native_pack_allocate": {
      "batch_size": 20,
      "batch_samples_ms": [
        4.582499999999527,
        4.6203999999997905,
        5.277100000000246,
        4.650499999999738,
        4.710799999999836,
        5.023499999999331,
        4.54700000000048
      ],
      "samples_ms": [
        0.22912499999997635,
        0.2310199999999895,
        0.2638550000000123,
        0.2325249999999869,
        0.23553999999999178,
        0.2511749999999665,
        0.227350000000024
      ],
      "median_ms": 0.2325249999999869
    }
  },
  {
    "count": 100000,
    "expected": 100000004995000,
    "loop_clock_control": {
      "batch_size": 5,
      "batch_samples_ms": [
        0.0014000000001033186,
        0.00029999999969732016,
        0.00029999999969732016,
        0.00029999999969732016,
        0.00029999999969732016,
        0.00029999999969732016,
        0.00030000000060681487
      ],
      "samples_ms": [
        0.00028000000002066373,
        0.000059999999939464034,
        0.000059999999939464034,
        0.000059999999939464034,
        0.000059999999939464034,
        0.000059999999939464034,
        0.00006000000012136297
      ],
      "median_ms": 0.000059999999939464034
    },
    "native_reused": {
      "batch_size": 5,
      "batch_samples_ms": [
        2.946600000000217,
        2.9515999999994165,
        2.9660000000003492,
        2.9472999999998137,
        3.01050000000032,
        2.9533999999994194,
        2.952400000000125
      ],
      "samples_ms": [
        0.5893200000000434,
        0.5903199999998833,
        0.5932000000000699,
        0.5894599999999628,
        0.602100000000064,
        0.5906799999998839,
        0.590480000000025
      ],
      "median_ms": 0.590480000000025
    },
    "javascript_ir_reused": {
      "batch_size": 5,
      "batch_samples_ms": [
        278.7466999999997,
        270.2507000000005,
        262.4426000000003,
        258.0988000000016,
        258.85230000000047,
        258.8729999999996,
        259.07910000000084
      ],
      "samples_ms": [
        55.74933999999994,
        54.0501400000001,
        52.488520000000065,
        51.61976000000031,
        51.77046000000009,
        51.77459999999992,
        51.815820000000166
      ],
      "median_ms": 51.815820000000166
    },
    "native_pack_allocate": {
      "batch_size": 5,
      "batch_samples_ms": [
        6.142699999998513,
        5.48109999999906,
        6.148499999999331,
        5.578400000000329,
        6.0570000000006985,
        11.075600000000122,
        10.05370000000039
      ],
      "samples_ms": [
        1.2285399999997026,
        1.096219999999812,
        1.2296999999998661,
        1.1156800000000657,
        1.2114000000001397,
        2.2151200000000246,
        2.010740000000078
      ],
      "median_ms": 1.2285399999997026
    }
  }
]
